<?xml version="1.0" encoding="UTF-8"?>
<testsuites name="jest tests" tests="9" failures="0" errors="0" time="13.619">
  <testsuite name="我的第一个测试用例" errors="0" failures="0" skipped="0" timestamp="2021-03-09T16:11:17" time="2.352" tests="1">
    <testcase classname="我的第一个测试用例 add(1,2)等于3" name="我的第一个测试用例 add(1,2)等于3" time="0.003">
    </testcase>
  </testsuite>
  <testsuite name="button tests" errors="0" failures="0" skipped="0" timestamp="2021-03-09T16:11:17" time="2.447" tests="1">
    <testcase classname="button tests 是个div" name="button tests 是个div" time="0.012">
    </testcase>
  </testsuite>
  <testsuite name="classes" errors="0" failures="0" skipped="0" timestamp="2021-03-09T16:11:17" time="9.837" tests="5">
    <testcase classname="classes 接受 1 个className" name="classes 接受 1 个className" time="0.002">
    </testcase>
    <testcase classname="classes 接受 2 个className" name="classes 接受 2 个className" time="0.001">
    </testcase>
    <testcase classname="classes 接受undefined 结果不会出现undefined" name="classes 接受undefined 结果不会出现undefined" time="0">
    </testcase>
    <testcase classname="classes 接受各种奇怪的值" name="classes 接受各种奇怪的值" time="0">
    </testcase>
    <testcase classname="classes 接受 0 个参数" name="classes 接受 0 个参数" time="0.001">
    </testcase>
  </testsuite>
  <testsuite name="icon tests" errors="0" failures="0" skipped="0" timestamp="2021-03-09T16:11:17" time="9.907" tests="2">
    <testcase classname="icon tests 是个svg" name="icon tests 是个svg" time="0.013">
    </testcase>
    <testcase classname="icon tests onClick" name="icon tests onClick" time="0.039">
    </testcase>
  </testsuite>
</testsuites>